// Jest Snapshot v1, https://goo.gl/fbAQLP

exports[`<Draggable /> renders 1`] = `
<View>
  <View
    onMoveShouldSetResponder={[Function]}
    onMoveShouldSetResponderCapture={[Function]}
    onResponderEnd={[Function]}
    onResponderGrant={[Function]}
    onResponderMove={[Function]}
    onResponderReject={[Function]}
    onResponderRelease={[Function]}
    onResponderStart={[Function]}
    onResponderTerminate={[Function]}
    onResponderTerminationRequest={[Function]}
    onStartShouldSetResponder={[Function]}
    onStartShouldSetResponderCapture={[Function]}
    style={
      Object {
        "alignContent": "center",
        "backgroundColor": "gray",
        "borderRadius": 12,
        "borderWidth": 1,
        "height": 30,
        "justifyContent": "center",
        "marginBottom": 1,
        "marginTop": 1,
        "transform": Array [
          Object {
            "translateX": 0,
          },
          Object {
            "translateY": 0,
          },
        ],
      }
    }
  >
    <Text>
       
       
    </Text>
  </View>
</View>
`;
